// Jest Snapshot v1, https://goo.gl/fbAQLP

exports[`CountryFlag renders successfully 1`] = `
<span
  className="fi fi-test  undefined undefined"
/>
`;
